---
source: crates/adr-hunks/tests/call.rs
expression: hunks
---
[
  {
    "id": "[id]",
    "kind": {
      "kind": "state",
      "node": 1,
      "added_variants": [
        "failed"
      ],
      "removed_variants": []
    },
    "provenance": {
      "source": "adr-hunks/state",
      "version": "0.1.0",
      "pass_id": "hunks",
      "hash": "[hash]"
    }
  }
]
